current directory: /Users/mdashiqurrahman/Documents/ashiq24.github.io/vendor/bundle/ruby/3.1.0/gems/io-console-0.9.4/ext/io/console
/Users/mdashiqurrahman/.rbenv/versions/3.1.2/bin/ruby -I /Users/mdashiqurrahman/.rbenv/versions/3.1.2/lib/ruby/3.1.0 -r ./siteconf20260918-28821-jvhazp.rb extconf.rb
checking for rb_interned_str_cstr()... yes
checking for rb_ractor_local_storage_value_newkey()... yes
checking for rb_io_descriptor() in ruby/io.h... yes
checking for rb_io_path() in ruby/io.h... no
checking for rb_io_closed_p() in ruby/io.h... no
checking for rb_io_open_descriptor() in ruby/io.h... no
checking for termios.h... yes
checking for cfmakeraw() in termios.h... yes
checking for sys/ioctl.h... yes
checking for HAVE_RUBY_FIBER_SCHEDULER_H... yes
checking for rb_category_warn()... yes
checking for RB_WARN_CATEGORY_DEPRECATED... yes
checking for ttyname_r()... yes
checking for type of ttyname_r()... int
checking for rb_prepend_module()... yes
checking for gperf... yes
creating Makefile

current directory: /Users/mdashiqurrahman/Documents/ashiq24.github.io/vendor/bundle/ruby/3.1.0/gems/io-console-0.9.4/ext/io/console
make DESTDIR\= clean

current directory: /Users/mdashiqurrahman/Documents/ashiq24.github.io/vendor/bundle/ruby/3.1.0/gems/io-console-0.9.4/ext/io/console
make DESTDIR\=
compiling console.c
In file included from console.c:9:
In file included from /Users/mdashiqurrahman/.rbenv/versions/3.1.2/include/ruby-3.1.0/ruby.h:38:
In file included from /Users/mdashiqurrahman/.rbenv/versions/3.1.2/include/ruby-3.1.0/ruby/ruby.h:27:
In file included from /Users/mdashiqurrahman/.rbenv/versions/3.1.2/include/ruby-3.1.0/ruby/internal/arithmetic.h:23:
In file included from /Users/mdashiqurrahman/.rbenv/versions/3.1.2/include/ruby-3.1.0/ruby/internal/arithmetic/char.h:29:
/Users/mdashiqurrahman/.rbenv/versions/3.1.2/include/ruby-3.1.0/ruby/internal/core/rstring.h:464:24: warning: default initialization of an object of type 'struct RString' with const member leaves the object uninitialized [-Wdefault-const-init-field-unsafe]
  464 |         struct RString retval;
      |                        ^
/Users/mdashiqurrahman/.rbenv/versions/3.1.2/include/ruby-3.1.0/ruby/internal/core/rbasic.h:88:17: note: member 'klass' declared 'const' here
   88 |     const VALUE klass;
      |                 ^
1 warning generated.
linking shared-object io/console.bundle

current directory: /Users/mdashiqurrahman/Documents/ashiq24.github.io/vendor/bundle/ruby/3.1.0/gems/io-console-0.9.4/ext/io/console
make DESTDIR\= install
/usr/bin/install -c -m 0755 console.bundle ./.gem.20260918-28821-wy08ic/io
